INFO: You are running LIKWID in a cpuset with 1 CPUs. Taking given IDs as logical ID in cpuset
--------------------------------------------------------------------------------
CPU name:	AMD EPYC 7702 64-Core Processor                
CPU type:	AMD K17 (Zen2) architecture
CPU clock:	2.00 GHz
--------------------------------------------------------------------------------
s: 
9.0101
x: 
1 1 1 1 1 1 1 1 1 1 1 1 1 1 1 1 
y: 
899.91 899.91 899.91 899.91 899.91 899.91 899.91 899.91 899.91 899.91 899.91 899.91 899.91 899.91 899.91 899.91 
z: 
1305.36 944.91 1305.36 944.91 1305.36 944.91 1305.36 944.91 1305.36 944.91 1305.36 944.91 1305.36 944.91 1305.36 944.91 
w: 
45 45 45 45 45 45 45 45 45 45 45 45 45 45 45 45 
A: 
0.09 0.09 0.09 0.09 0.09 0.09 0.09 0.09 0.09 0.09 0.09 0.09 0.09 0.09 0.09 0.09 
0.09 0.09 0.09 0.09 0.09 0.09 0.09 0.09 0.09 0.09 0.09 0.09 0.09 0.09 0.09 0.09 
0.09 0.09 0.09 0.09 0.09 0.09 0.09 0.09 0.09 0.09 0.09 0.09 0.09 0.09 0.09 0.09 
0.09 0.09 0.09 0.09 0.09 0.09 0.09 0.09 0.09 0.09 0.09 0.09 0.09 0.09 0.09 0.09 
0.09 0.09 0.09 0.09 0.09 0.09 0.09 0.09 0.09 0.09 0.09 0.09 0.09 0.09 0.09 0.09 
0.09 0.09 0.09 0.09 0.09 0.09 0.09 0.09 0.09 0.09 0.09 0.09 0.09 0.09 0.09 0.09 
0.09 0.09 0.09 0.09 0.09 0.09 0.09 0.09 0.09 0.09 0.09 0.09 0.09 0.09 0.09 0.09 
0.09 0.09 0.09 0.09 0.09 0.09 0.09 0.09 0.09 0.09 0.09 0.09 0.09 0.09 0.09 0.09 
0.09 0.09 0.09 0.09 0.09 0.09 0.09 0.09 0.09 0.09 0.09 0.09 0.09 0.09 0.09 0.09 
0.09 0.09 0.09 0.09 0.09 0.09 0.09 0.09 0.09 0.09 0.09 0.09 0.09 0.09 0.09 0.09 
0.09 0.09 0.09 0.09 0.09 0.09 0.09 0.09 0.09 0.09 0.09 0.09 0.09 0.09 0.09 0.09 
0.09 0.09 0.09 0.09 0.09 0.09 0.09 0.09 0.09 0.09 0.09 0.09 0.09 0.09 0.09 0.09 
0.09 0.09 0.09 0.09 0.09 0.09 0.09 0.09 0.09 0.09 0.09 0.09 0.09 0.09 0.09 0.09 
0.09 0.09 0.09 0.09 0.09 0.09 0.09 0.09 0.09 0.09 0.09 0.09 0.09 0.09 0.09 0.09 
0.09 0.09 0.09 0.09 0.09 0.09 0.09 0.09 0.09 0.09 0.09 0.09 0.09 0.09 0.09 0.09 
0.09 0.09 0.09 0.09 0.09 0.09 0.09 0.09 0.09 0.09 0.09 0.09 0.09 0.09 0.09 0.09 

--------------------------------------------------------------------------------
Region function_c, Group 1: MEM_DP
+-------------------+------------+
|    Region Info    | HWThread 0 |
+-------------------+------------+
| RDTSC Runtime [s] |   0.372907 |
|     call count    |          1 |
+-------------------+------------+

+---------------------------+---------+------------+
|           Event           | Counter | HWThread 0 |
+---------------------------+---------+------------+
|      ACTUAL_CPU_CLOCK     |  FIXC1  | 1243046000 |
|       MAX_CPU_CLOCK       |  FIXC2  |  744694000 |
|    RETIRED_INSTRUCTIONS   |   PMC0  | 3299939000 |
|    CPU_CLOCKS_UNHALTED    |   PMC1  | 1238851000 |
| RETIRED_SSE_AVX_FLOPS_ALL |   PMC2  |  199980000 |
|           MERGE           |   PMC3  |          0 |
|       DRAM_CHANNEL_0      |   DFC0  |    6400899 |
|       DRAM_CHANNEL_1      |   DFC1  |    6400669 |
+---------------------------+---------+------------+

+-----------------------------------+------------+
|               Metric              | HWThread 0 |
+-----------------------------------+------------+
|        Runtime (RDTSC) [s]        |     0.3729 |
|        Runtime unhalted [s]       |     0.6227 |
|            Clock [MHz]            |  3332.1228 |
|                CPI                |     0.3754 |
|            DP [MFLOP/s]           |   536.2734 |
|    Memory bandwidth [MBytes/s]    |  2197.0647 |
|    Memory data volume [GBytes]    |     0.8193 |
| Operational intensity [FLOP/Byte] |     0.2441 |
+-----------------------------------+------------+

