INFO: You are running LIKWID in a cpuset with 1 CPUs. Taking given IDs as logical ID in cpuset
--------------------------------------------------------------------------------
CPU name:	AMD EPYC 7702 64-Core Processor                
CPU type:	AMD K17 (Zen2) architecture
CPU clock:	2.00 GHz
--------------------------------------------------------------------------------
s: 
9.0101
x: 
1 1 1 1 1 1 1 1 1 1 1 1 1 1 1 1 
y: 
899.91 899.91 899.91 899.91 899.91 899.91 899.91 899.91 899.91 899.91 899.91 899.91 899.91 899.91 899.91 899.91 
z: 
1305.36 944.91 1305.36 944.91 1305.36 944.91 1305.36 944.91 1305.36 944.91 1305.36 944.91 1305.36 944.91 1305.36 944.91 
w: 
45 45 45 45 45 45 45 45 45 45 45 45 45 45 45 45 
A: 
0.09 0.09 0.09 0.09 0.09 0.09 0.09 0.09 0.09 0.09 0.09 0.09 0.09 0.09 0.09 0.09 
0.09 0.09 0.09 0.09 0.09 0.09 0.09 0.09 0.09 0.09 0.09 0.09 0.09 0.09 0.09 0.09 
0.09 0.09 0.09 0.09 0.09 0.09 0.09 0.09 0.09 0.09 0.09 0.09 0.09 0.09 0.09 0.09 
0.09 0.09 0.09 0.09 0.09 0.09 0.09 0.09 0.09 0.09 0.09 0.09 0.09 0.09 0.09 0.09 
0.09 0.09 0.09 0.09 0.09 0.09 0.09 0.09 0.09 0.09 0.09 0.09 0.09 0.09 0.09 0.09 
0.09 0.09 0.09 0.09 0.09 0.09 0.09 0.09 0.09 0.09 0.09 0.09 0.09 0.09 0.09 0.09 
0.09 0.09 0.09 0.09 0.09 0.09 0.09 0.09 0.09 0.09 0.09 0.09 0.09 0.09 0.09 0.09 
0.09 0.09 0.09 0.09 0.09 0.09 0.09 0.09 0.09 0.09 0.09 0.09 0.09 0.09 0.09 0.09 
0.09 0.09 0.09 0.09 0.09 0.09 0.09 0.09 0.09 0.09 0.09 0.09 0.09 0.09 0.09 0.09 
0.09 0.09 0.09 0.09 0.09 0.09 0.09 0.09 0.09 0.09 0.09 0.09 0.09 0.09 0.09 0.09 
0.09 0.09 0.09 0.09 0.09 0.09 0.09 0.09 0.09 0.09 0.09 0.09 0.09 0.09 0.09 0.09 
0.09 0.09 0.09 0.09 0.09 0.09 0.09 0.09 0.09 0.09 0.09 0.09 0.09 0.09 0.09 0.09 
0.09 0.09 0.09 0.09 0.09 0.09 0.09 0.09 0.09 0.09 0.09 0.09 0.09 0.09 0.09 0.09 
0.09 0.09 0.09 0.09 0.09 0.09 0.09 0.09 0.09 0.09 0.09 0.09 0.09 0.09 0.09 0.09 
0.09 0.09 0.09 0.09 0.09 0.09 0.09 0.09 0.09 0.09 0.09 0.09 0.09 0.09 0.09 0.09 
0.09 0.09 0.09 0.09 0.09 0.09 0.09 0.09 0.09 0.09 0.09 0.09 0.09 0.09 0.09 0.09 

--------------------------------------------------------------------------------
Region function_c, Group 1: MEM_DP
+-------------------+------------+
|    Region Info    | HWThread 0 |
+-------------------+------------+
| RDTSC Runtime [s] |   0.390845 |
|     call count    |          1 |
+-------------------+------------+

+---------------------------+---------+------------+
|           Event           | Counter | HWThread 0 |
+---------------------------+---------+------------+
|      ACTUAL_CPU_CLOCK     |  FIXC1  | 1302347000 |
|       MAX_CPU_CLOCK       |  FIXC2  |  780516600 |
|    RETIRED_INSTRUCTIONS   |   PMC0  | 1000054000 |
|    CPU_CLOCKS_UNHALTED    |   PMC1  | 1298482000 |
| RETIRED_SSE_AVX_FLOPS_ALL |   PMC2  |  199980000 |
|           MERGE           |   PMC3  |          0 |
|       DRAM_CHANNEL_0      |   DFC0  |    6401365 |
|       DRAM_CHANNEL_1      |   DFC1  |    6402046 |
+---------------------------+---------+------------+

+-----------------------------------+------------+
|               Metric              | HWThread 0 |
+-----------------------------------+------------+
|        Runtime (RDTSC) [s]        |     0.3908 |
|        Runtime unhalted [s]       |     0.6524 |
|            Clock [MHz]            |  3330.8583 |
|                CPI                |     1.2984 |
|            DP [MFLOP/s]           |   511.6604 |
|    Memory bandwidth [MBytes/s]    |  2096.5290 |
|    Memory data volume [GBytes]    |     0.8194 |
| Operational intensity [FLOP/Byte] |     0.2441 |
+-----------------------------------+------------+

